
Home@DESKTOP-3VU2ENP MINGW64 /c/python
$ mkdir nuevodirectorio

Home@DESKTOP-3VU2ENP MINGW64 /c/python
$ cd nuevodirectorio

Home@DESKTOP-3VU2ENP MINGW64 /c/python/nuevodirectorio
$ touch nuevo.txt

Home@DESKTOP-3VU2ENP MINGW64 /c/python/nuevodirectorio
$ ls
nuevo.txt

Home@DESKTOP-3VU2ENP MINGW64 /c/python/nuevodirectorio
$ git init
Initialized empty Git repository in C:/python/nuevodirectorio/.git/

Home@DESKTOP-3VU2ENP MINGW64 /c/python/nuevodirectorio (master)
$ git status
On branch master

No commits yet

Untracked files:
  (use "git add <file>..." to include in what will be committed)
        nuevo.txt

nothing added to commit but untracked files present (use "git add" to track)

Home@DESKTOP-3VU2ENP MINGW64 /c/python/nuevodirectorio (master)
$ git commit -m "primer commit"
On branch master

Initial commit

Untracked files:
  (use "git add <file>..." to include in what will be committed)
        nuevo.txt

nothing added to commit but untracked files present (use "git add" to track)

Home@DESKTOP-3VU2ENP MINGW64 /c/python/nuevodirectorio (master)
$ git log
fatal: your current branch 'master' does not have any commits yet

Home@DESKTOP-3VU2ENP MINGW64 /c/python/nuevodirectorio (master)
$ git status
On branch master

No commits yet

Untracked files:
  (use "git add <file>..." to include in what will be committed)
        nuevo.txt

nothing added to commit but untracked files present (use "git add" to track)

Home@DESKTOP-3VU2ENP MINGW64 /c/python/nuevodirectorio (master)
$ git commit -m "segundo commit con cambio"
On branch master

Initial commit

Untracked files:
  (use "git add <file>..." to include in what will be committed)
        nuevo.txt

nothing added to commit but untracked files present (use "git add" to track)

Home@DESKTOP-3VU2ENP MINGW64 /c/python/nuevodirectorio (master)
$ git add.
git: 'add.' is not a git command. See 'git --help'.

The most similar command is
        add

Home@DESKTOP-3VU2ENP MINGW64 /c/python/nuevodirectorio (master)
$ git add .

Home@DESKTOP-3VU2ENP MINGW64 /c/python/nuevodirectorio (master)
$ git status
On branch master

No commits yet

Changes to be committed:
  (use "git rm --cached <file>..." to unstage)
        new file:   nuevo.txt


Home@DESKTOP-3VU2ENP MINGW64 /c/python/nuevodirectorio (master)
$ git log
fatal: your current branch 'master' does not have any commits yet

Home@DESKTOP-3VU2ENP MINGW64 /c/python/nuevodirectorio (master)
$ git commit -m "otro commit"
[master (root-commit) 3e6001c] otro commit
 1 file changed, 1 insertion(+)
 create mode 100644 nuevo.txt

Home@DESKTOP-3VU2ENP MINGW64 /c/python/nuevodirectorio (master)
$ git staus
git: 'staus' is not a git command. See 'git --help'.

The most similar command is
        status

Home@DESKTOP-3VU2ENP MINGW64 /c/python/nuevodirectorio (master)
$ git status
On branch master
nothing to commit, working tree clean

Home@DESKTOP-3VU2ENP MINGW64 /c/python/nuevodirectorio (master)
$ git status
On branch master
Changes not staged for commit:
  (use "git add <file>..." to update what will be committed)
  (use "git restore <file>..." to discard changes in working directory)
        modified:   nuevo.txt

no changes added to commit (use "git add" and/or "git commit -a")

Home@DESKTOP-3VU2ENP MINGW64 /c/python/nuevodirectorio (master)
$ git commit -m "mas cambios"
On branch master
Changes not staged for commit:
  (use "git add <file>..." to update what will be committed)
  (use "git restore <file>..." to discard changes in working directory)
        modified:   nuevo.txt

no changes added to commit (use "git add" and/or "git commit -a")

Home@DESKTOP-3VU2ENP MINGW64 /c/python/nuevodirectorio (master)
$ git staus
git: 'staus' is not a git command. See 'git --help'.

The most similar command is
        status

Home@DESKTOP-3VU2ENP MINGW64 /c/python/nuevodirectorio (master)
$ git status
On branch master
Changes not staged for commit:
  (use "git add <file>..." to update what will be committed)
  (use "git restore <file>..." to discard changes in working directory)
        modified:   nuevo.txt

no changes added to commit (use "git add" and/or "git commit -a")

Home@DESKTOP-3VU2ENP MINGW64 /c/python/nuevodirectorio (master)
$ git add .

Home@DESKTOP-3VU2ENP MINGW64 /c/python/nuevodirectorio (master)
$ git status
On branch master
Changes to be committed:
  (use "git restore --staged <file>..." to unstage)
        modified:   nuevo.txt


Home@DESKTOP-3VU2ENP MINGW64 /c/python/nuevodirectorio (master)
$ git reset --hard
HEAD is now at 3e6001c otro commit

Home@DESKTOP-3VU2ENP MINGW64 /c/python/nuevodirectorio (master)
$ git status
On branch master
nothing to commit, working tree clean

Home@DESKTOP-3VU2ENP MINGW64 /c/python/nuevodirectorio (master)
$ git log
commit 3e6001c784c6bc3ffc1914aaeedcf0aa1b6af42a (HEAD -> master)
Author: MarceloAar <marcelo_aar@hotmail.com>
Date:   Thu Jul 25 20:07:32 2024 -0400

    otro commit

Home@DESKTOP-3VU2ENP MINGW64 /c/python/nuevodirectorio (master)
$
